******************************************************************************
             TMS320C2000 Linker PC v18.12.4                    
******************************************************************************
>> Linked Tue Jan 21 22:57:54 2020

OUTPUT FILE NAME:   <ADC.out>
ENTRY POINT SYMBOL: "_c_int00"  address: 00082fef


MEMORY CONFIGURATION

         name            origin    length      used     unused   attr    fill
----------------------  --------  ---------  --------  --------  ----  --------
PAGE 0:
  RAMM0                 00000122   000002de  00000000  000002de  RWIX
  RAMLS0                00008000   00000800  000000c7  00000739  RWIX
  RAMLS1                00008800   00000800  00000000  00000800  RWIX
  RAMLS2                00009000   00000800  00000000  00000800  RWIX
  RAMLS3                00009800   00000800  00000000  00000800  RWIX
  RAMLS4                0000a000   00000800  00000000  00000800  RWIX
  RAMD0                 0000b000   00000800  00000000  00000800  RWIX
  RAMGS14               0001a000   00001000  00000000  00001000  RWIX
  RAMGS15               0001b000   00001000  00000000  00001000  RWIX
  BEGIN                 00080000   00000002  00000000  00000002  RWIX
  FLASHA                00080002   00001ffe  00000000  00001ffe  RWIX
  FLASHB                00082000   00002000  0000112c  00000ed4  RWIX
  FLASHC                00084000   00002000  00000000  00002000  RWIX
  FLASHD                00086000   00002000  000000c7  00001f39  RWIX
  FLASHE                00088000   00008000  00000000  00008000  RWIX
  FLASHF                00090000   00008000  0000000e  00007ff2  RWIX
  FLASHG                00098000   00008000  00000000  00008000  RWIX
  FLASHH                000a0000   00008000  00000000  00008000  RWIX
  FLASHI                000a8000   00008000  00000000  00008000  RWIX
  FLASHJ                000b0000   00008000  00000000  00008000  RWIX
  FLASHK                000b8000   00002000  00000000  00002000  RWIX
  FLASHL                000ba000   00002000  00000000  00002000  RWIX
  FLASHM                000bc000   00002000  00000000  00002000  RWIX
  FLASHN                000be000   00002000  00000000  00002000  RWIX
  RESET                 003fffc0   00000002  00000000  00000002  RWIX

PAGE 1:
  BOOT_RSVD             00000002   00000120  00000000  00000120  RWIX
  RAMM1                 00000400   00000400  00000200  00000200  RWIX
  RAMLS5                0000a800   00000800  0000001a  000007e6  RWIX
  RAMD1                 0000b800   00000800  00000000  00000800  RWIX
  RAMGS0                0000c000   00001000  00000000  00001000  RWIX
  RAMGS1                0000d000   00001000  00000000  00001000  RWIX
  RAMGS2                0000e000   00001000  00000000  00001000  RWIX
  RAMGS3                0000f000   00001000  00000000  00001000  RWIX
  RAMGS4                00010000   00001000  00000000  00001000  RWIX
  RAMGS5                00011000   00001000  00000000  00001000  RWIX
  RAMGS6                00012000   00001000  00000000  00001000  RWIX
  RAMGS7                00013000   00001000  00000000  00001000  RWIX
  RAMGS8                00014000   00001000  00000000  00001000  RWIX
  RAMGS9                00015000   00001000  00000000  00001000  RWIX
  RAMGS10               00016000   00001000  00000000  00001000  RWIX
  RAMGS11               00017000   00001000  00000000  00001000  RWIX
  RAMGS12               00018000   00001000  00000000  00001000  RWIX
  RAMGS13               00019000   00001000  00000000  00001000  RWIX
  CPU2TOCPU1RAM         0003f800   00000400  00000000  00000400  RWIX
  CPU1TOCPU2RAM         0003fc00   00000400  00000000  00000400  RWIX


SECTION ALLOCATION MAP

 output                                  attributes/
section   page    origin      length       input sections
--------  ----  ----------  ----------   ----------------
.cinit     0    00082000    0000003b     
                  00082000    00000021     main.obj (.cinit)
                  00082021    0000000e     rts2800_fpu32.lib : exit.c.obj (.cinit)
                  0008202f    00000005                       : _lock.c.obj (.cinit:__lock)
                  00082034    00000005                       : _lock.c.obj (.cinit:__unlock)
                  00082039    00000002     --HOLE-- [fill = 0]

.pinit     0    00082000    00000000     UNINITIALIZED

.stack     1    00000400    00000200     UNINITIALIZED
                  00000400    00000200     --HOLE--

.reset     0    003fffc0    00000002     DSECT
                  003fffc0    00000002     rts2800_fpu32.lib : boot28.asm.obj (.reset)

.TI.ramfunc 
*          0    00086000    000000c7     RUN ADDR = 00008000
                  00086000    000000c3     flash.obj (.TI.ramfunc)
                  000860c3    00000004     sysctl.obj (.TI.ramfunc)

GETBUFFER 
*          0    0003f800    00000000     DSECT

GETWRITEIDX 
*          0    0003f800    00000000     DSECT

PUTREADIDX 
*          0    0003f800    00000000     DSECT

.text      0    0008203c    000010f1     
                  0008203c    000004ac     sysctl.obj (.text)
                  000824e8    000001f0     sci.obj (.text)
                  000826d8    000001eb     gpio.obj (.text)
                  000828c3    000001cb     device.obj (.text)
                  00082a8e    00000187     interrupt.obj (.text)
                  00082c15    000000dc     uart.obj (.text)
                  00082cf1    000000d9     main.obj (.text)
                  00082dca    000000d6     adc.obj (.text)
                  00082ea0    00000088     rts2800_fpu32.lib : fs_div28.asm.obj (.text)
                  00082f28    00000065     encoder.obj (.text)
                  00082f8d    00000062     adc.obj (.text)
                  00082fef    00000056     rts2800_fpu32.lib : boot28.asm.obj (.text)
                  00083045    00000046     uart.obj (.text:retain)
                  0008308b    00000029     rts2800_fpu32.lib : exit.c.obj (.text)
                  000830b4    00000024                       : cpy_tbl.c.obj (.text)
                  000830d8    0000001d                       : memcpy.c.obj (.text)
                  000830f5    00000019                       : args_main.c.obj (.text)
                  0008310e    00000013     flash.obj (.text)
                  00083121    00000009     rts2800_fpu32.lib : _lock.c.obj (.text)
                  0008312a    00000002                       : pre_init.c.obj (.text)
                  0008312c    00000001                       : startup.c.obj (.text)

.econst    0    00090000    0000000e     
                  00090000    0000000e     main.obj (.econst:.string)

.ebss      1    0000a800    0000001a     UNINITIALIZED
                  0000a800    00000010     main.obj (.ebss)
                  0000a810    00000006     rts2800_fpu32.lib : exit.c.obj (.ebss)
                  0000a816    00000002                       : _lock.c.obj (.ebss:__lock)
                  0000a818    00000002                       : _lock.c.obj (.ebss:__unlock)

MODULE SUMMARY

       Module             code   initialized data   uninitialized data
       ------             ----   ----------------   ------------------
    .\
       main.obj           217    47                 16                
    +--+------------------+------+------------------+--------------------+
       Total:             217    47                 16                
                                                                      
    .\ADC\
       adc.obj            98     0                  0                 
    +--+------------------+------+------------------+--------------------+
       Total:             98     0                  0                 
                                                                      
    .\DRIVER\
       sysctl.obj         1204   0                  0                 
       sci.obj            496    0                  0                 
       gpio.obj           491    0                  0                 
       flash.obj          409    0                  0                 
       interrupt.obj      391    0                  0                 
       adc.obj            214    0                  0                 
    +--+------------------+------+------------------+--------------------+
       Total:             3205   0                  0                 
                                                                      
    .\ENCODER\
       encoder.obj        101    0                  0                 
    +--+------------------+------+------------------+--------------------+
       Total:             101    0                  0                 
                                                                      
    .\UART\
       uart.obj           290    0                  0                 
    +--+------------------+------+------------------+--------------------+
       Total:             290    0                  0                 
                                                                      
    .\source\
       device.obj         459    0                  0                 
    +--+------------------+------+------------------+--------------------+
       Total:             459    0                  0                 
                                                                      
    C:\ti\ccs930\ccs\tools\compiler\ti-cgt-c2000_18.12.4.LTS\lib\rts2800_fpu32.lib
       fs_div28.asm.obj   136    0                  0                 
       boot28.asm.obj     86     0                  0                 
       exit.c.obj         41     14                 6                 
       cpy_tbl.c.obj      36     0                  0                 
       memcpy.c.obj       29     0                  0                 
       args_main.c.obj    25     0                  0                 
       _lock.c.obj        9      10                 4                 
       pre_init.c.obj     2      0                  0                 
       startup.c.obj      1      0                  0                 
    +--+------------------+------+------------------+--------------------+
       Total:             365    24                 10                
                                                                      
       Stack:             0      0                  512               
    +--+------------------+------+------------------+--------------------+
       Grand Total:       4735   71                 538               


GLOBAL DATA SYMBOLS: SORTED BY DATA PAGE

address     data page           name
--------    ----------------    ----
00000400      10 (00000400)     __stack

0000a800     2a0 (0000a800)     _Direction
0000a802     2a0 (0000a800)     _adc_result
0000a804     2a0 (0000a800)     _adc_result1
0000a806     2a0 (0000a800)     _c
0000a808     2a0 (0000a800)     _test
0000a80c     2a0 (0000a800)     _EncoderPos
0000a810     2a0 (0000a800)     ___TI_enable_exit_profile_output
0000a812     2a0 (0000a800)     ___TI_cleanup_ptr
0000a814     2a0 (0000a800)     ___TI_dtors_ptr
0000a816     2a0 (0000a800)     __lock
0000a818     2a0 (0000a800)     __unlock


GLOBAL SYMBOLS: SORTED ALPHABETICALLY BY Name 

page  address   name                                      
----  -------   ----                                      
abs   ffffffff  .text                                     
0     0008308b  C$$EXIT                                   
0     00082ea0  FS$$DIV                                   
0     00082fc2  _ADC_Init                                 
0     00082dca  _ADC_setMode                              
0     00082e6e  _ADC_setPPBTripLimits                     
0     00082927  _Device_enableAllPeripherals              
0     00082a71  _Device_enableUnbondedGPIOPullups         
0     00082a4e  _Device_enableUnbondedGPIOPullupsFor100Pin
0     00082a37  _Device_enableUnbondedGPIOPullupsFor176Pin
0     00082905  _Device_init                              
0     00082a16  _Device_initGPIO                          
1     0000a800  _Direction                                
1     0000a80c  _EncoderPos                               
0     00082f67  _Encoder_Init                             
0     0000808c  _Flash_initModule                         
0     000080b3  _Flash_powerDown                          
0     0008270c  _GPIO_getDirectionMode                    
0     00082795  _GPIO_getPadConfig                        
0     000827f5  _GPIO_getQualificationMode                
0     00082864  _GPIO_setAnalogMode                       
0     000826e5  _GPIO_setDirectionMode                    
0     00082722  _GPIO_setInterruptPin                     
0     00082838  _GPIO_setMasterCore                       
0     0008274d  _GPIO_setPadConfig                        
0     0008288c  _GPIO_setPinConfig                        
0     000827c9  _GPIO_setQualificationMode                
0     00082816  _GPIO_setQualificationPeriod              
0     00082bca  _Interrupt_disable                        
0     00082b96  _Interrupt_enable                         
0     00082b39  _Interrupt_initModule                     
0     00082b76  _Interrupt_initVectorTable                
0     00082da4  _LED_Init                                 
0     000860c7  _RamfuncsLoadEnd                          
abs   000000c7  _RamfuncsLoadSize                         
0     00086000  _RamfuncsLoadStart                        
0     000080c7  _RamfuncsRunEnd                           
abs   000000c7  _RamfuncsRunSize                          
0     00008000  _RamfuncsRunStart                         
0     0008269d  _SCI_clearInterruptStatus                 
0     0008261f  _SCI_disableInterrupt                     
0     000825e4  _SCI_enableInterrupt                      
0     0008265a  _SCI_getInterruptStatus                   
0     000825b3  _SCI_readCharArray                        
0     00082558  _SCI_setConfig                            
0     0008257c  _SCI_writeCharArray                       
0     000080c3  _SysCtl_delay                             
0     000820a1  _SysCtl_getAuxClock                       
0     00082050  _SysCtl_getClock                          
0     00082480  _SysCtl_getDeviceParametric               
0     00082466  _SysCtl_getLowSpeedClock                  
0     00082437  _SysCtl_selectOscSource                   
0     000822f6  _SysCtl_setAuxClock                       
0     000820e2  _SysCtl_setClock                          
0     00082c8f  _UARTA_Init                               
1     00000600  __STACK_END                               
abs   00000200  __STACK_SIZE                              
1     0000a812  ___TI_cleanup_ptr                         
1     0000a814  ___TI_dtors_ptr                           
1     0000a810  ___TI_enable_exit_profile_output          
abs   ffffffff  ___TI_pprof_out_hndl                      
abs   ffffffff  ___TI_prof_data_size                      
abs   ffffffff  ___TI_prof_data_start                     
abs   ffffffff  ___binit__                                
abs   ffffffff  ___c_args__                               
0     00082000  ___cinit__                                
0     00082a87  ___error__                                
abs   ffffffff  ___etext__                                
abs   ffffffff  ___pinit__                                
abs   ffffffff  ___text__                                 
0     000830f5  __args_main                               
1     0000a816  __lock                                    
0     00083129  __nop                                     
0     00083125  __register_lock                           
0     00083121  __register_unlock                         
1     00000400  __stack                                   
0     0008312c  __system_post_cinit                       
0     0008312a  __system_pre_init                         
1     0000a818  __unlock                                  
0     0008308b  _abort                                    
1     0000a802  _adc_result                               
1     0000a804  _adc_result1                              
1     0000a806  _c                                        
0     00082fef  _c_int00                                  
0     000830b4  _copy_in                                  
0     0008308d  _exit                                     
0     00082d44  _main                                     
0     000830d8  _memcpy                                   
0     00083045  _sciaRXFIFOISR                            
1     0000a808  _test                                     
abs   ffffffff  binit                                     
0     00082000  cinit                                     
abs   ffffffff  etext                                     
abs   ffffffff  pinit                                     


GLOBAL SYMBOLS: SORTED BY Symbol Address 

page  address   name                                      
----  -------   ----                                      
0     00008000  _RamfuncsRunStart                         
0     0000808c  _Flash_initModule                         
0     000080b3  _Flash_powerDown                          
0     000080c3  _SysCtl_delay                             
0     000080c7  _RamfuncsRunEnd                           
0     00082000  ___cinit__                                
0     00082000  cinit                                     
0     00082050  _SysCtl_getClock                          
0     000820a1  _SysCtl_getAuxClock                       
0     000820e2  _SysCtl_setClock                          
0     000822f6  _SysCtl_setAuxClock                       
0     00082437  _SysCtl_selectOscSource                   
0     00082466  _SysCtl_getLowSpeedClock                  
0     00082480  _SysCtl_getDeviceParametric               
0     00082558  _SCI_setConfig                            
0     0008257c  _SCI_writeCharArray                       
0     000825b3  _SCI_readCharArray                        
0     000825e4  _SCI_enableInterrupt                      
0     0008261f  _SCI_disableInterrupt                     
0     0008265a  _SCI_getInterruptStatus                   
0     0008269d  _SCI_clearInterruptStatus                 
0     000826e5  _GPIO_setDirectionMode                    
0     0008270c  _GPIO_getDirectionMode                    
0     00082722  _GPIO_setInterruptPin                     
0     0008274d  _GPIO_setPadConfig                        
0     00082795  _GPIO_getPadConfig                        
0     000827c9  _GPIO_setQualificationMode                
0     000827f5  _GPIO_getQualificationMode                
0     00082816  _GPIO_setQualificationPeriod              
0     00082838  _GPIO_setMasterCore                       
0     00082864  _GPIO_setAnalogMode                       
0     0008288c  _GPIO_setPinConfig                        
0     00082905  _Device_init                              
0     00082927  _Device_enableAllPeripherals              
0     00082a16  _Device_initGPIO                          
0     00082a37  _Device_enableUnbondedGPIOPullupsFor176Pin
0     00082a4e  _Device_enableUnbondedGPIOPullupsFor100Pin
0     00082a71  _Device_enableUnbondedGPIOPullups         
0     00082a87  ___error__                                
0     00082b39  _Interrupt_initModule                     
0     00082b76  _Interrupt_initVectorTable                
0     00082b96  _Interrupt_enable                         
0     00082bca  _Interrupt_disable                        
0     00082c8f  _UARTA_Init                               
0     00082d44  _main                                     
0     00082da4  _LED_Init                                 
0     00082dca  _ADC_setMode                              
0     00082e6e  _ADC_setPPBTripLimits                     
0     00082ea0  FS$$DIV                                   
0     00082f67  _Encoder_Init                             
0     00082fc2  _ADC_Init                                 
0     00082fef  _c_int00                                  
0     00083045  _sciaRXFIFOISR                            
0     0008308b  C$$EXIT                                   
0     0008308b  _abort                                    
0     0008308d  _exit                                     
0     000830b4  _copy_in                                  
0     000830d8  _memcpy                                   
0     000830f5  __args_main                               
0     00083121  __register_unlock                         
0     00083125  __register_lock                           
0     00083129  __nop                                     
0     0008312a  __system_pre_init                         
0     0008312c  __system_post_cinit                       
0     00086000  _RamfuncsLoadStart                        
0     000860c7  _RamfuncsLoadEnd                          
1     00000400  __stack                                   
1     00000600  __STACK_END                               
1     0000a800  _Direction                                
1     0000a802  _adc_result                               
1     0000a804  _adc_result1                              
1     0000a806  _c                                        
1     0000a808  _test                                     
1     0000a80c  _EncoderPos                               
1     0000a810  ___TI_enable_exit_profile_output          
1     0000a812  ___TI_cleanup_ptr                         
1     0000a814  ___TI_dtors_ptr                           
1     0000a816  __lock                                    
1     0000a818  __unlock                                  
abs   000000c7  _RamfuncsLoadSize                         
abs   000000c7  _RamfuncsRunSize                          
abs   00000200  __STACK_SIZE                              
abs   ffffffff  .text                                     
abs   ffffffff  ___TI_pprof_out_hndl                      
abs   ffffffff  ___TI_prof_data_size                      
abs   ffffffff  ___TI_prof_data_start                     
abs   ffffffff  ___binit__                                
abs   ffffffff  ___c_args__                               
abs   ffffffff  ___etext__                                
abs   ffffffff  ___pinit__                                
abs   ffffffff  ___text__                                 
abs   ffffffff  binit                                     
abs   ffffffff  etext                                     
abs   ffffffff  pinit                                     

[94 symbols]
